../Core/Src/can.c:34:6:MX_CAN1_Init	8	static
../Core/Src/can.c:66:6:HAL_CAN_MspInit	48	static
../Core/Src/can.c:99:6:HAL_CAN_MspDeInit	16	static
../Core/Src/can.c:126:6:can_rx_init	16	static
../Core/Src/can.c:138:6:can_tx_init	16	static
../Core/Src/can.c:156:6:pack_reply_default	40	static
../Core/Src/can.c:172:6:pack_reply_config	104	static
../Core/Src/can.c:220:6:pack_reply_hall_cal	88	static
../Core/Src/can.c:255:6:unpack_control_cmd	40	static
../Core/Src/can.c:272:5:unpack_config_cmd	24	static
../Core/Src/can.c:294:5:unpack_hall_cal_cmd	16	static
